{
  "name": "custom Steve",
  "surname": "custom Harrington"
}