User {
    name: "Steve",
    surname: "Harrington",
}